src/components/charts/DashboardCharts.tsx(115,70): error TS2503: Cannot find namespace 'React'.
src/components/dashboard/DashboardFilters.tsx(6,15): error TS2503: Cannot find namespace 'React'.
src/components/dashboard/DashboardFilters.tsx(6,30): error TS2503: Cannot find namespace 'React'.
src/components/dashboard/DashboardFilters.tsx(12,35): error TS2503: Cannot find namespace 'React'.
src/hooks/useAuth.tsx(17,56): error TS2503: Cannot find namespace 'React'.
src/hooks/useFreightData.ts(108,21): error TS2339: Property 'env' does not exist on type 'ImportMeta'.
src/hooks/useFreightData.ts(123,21): error TS2339: Property 'env' does not exist on type 'ImportMeta'.
src/services/supabase/client.ts(3,33): error TS2339: Property 'env' does not exist on type 'ImportMeta'.
src/services/supabase/client.ts(4,37): error TS2339: Property 'env' does not exist on type 'ImportMeta'.
